// Jest Snapshot v1, https://goo.gl/fbAQLP

exports[`CallToAction renders correctly 1`] = `
<div>
  <div
    class=""
  >
    
    <div
      class="col-md-7"
    >
      <div
        class="action-item row"
      >
        <div
          class="col-md-4 name"
        >
          
          <a
            class="link semibold"
            href="/"
          >
            Action Item 1
          </a>
        </div>
        
      </div>
      <div
        class="action-item row"
      >
        <div
          class="col-md-4 name"
        >
          
          <a
            class="link semibold"
            href="/"
          >
            Action Item 2
          </a>
        </div>
        
      </div>
    </div>
    
  </div>
</div>
`;

exports[`CallToAction renders with a message 1`] = `
<div>
  <div
    class=""
  >
    
    <div
      class="col-md-7"
    >
      <div
        class="action-item row"
      >
        <div
          class="col-md-4 name"
        >
          
          <a
            class="link semibold"
            href="/"
          >
            Action Item
          </a>
        </div>
        <div
          class="col-md-7 message"
        >
          <div
            class="secondary-text secondary-text-color"
          >
            Message
          </div>
          
        </div>
      </div>
    </div>
    
  </div>
</div>
`;

exports[`CallToAction renders with an icon 1`] = `
<div>
  <div
    class=""
  >
    
    <div
      class="col-md-7"
    >
      <div
        class="action-item row"
      >
        <div
          class="col-md-4 name"
        >
          <svg
            class="lexicon-icon lexicon-icon-ticket icon"
            role="img"
          >
            <use
              href="#ticket"
            />
          </svg>
          <a
            class="link semibold"
            href="/"
          >
            Action Item
          </a>
        </div>
        
      </div>
    </div>
    
  </div>
</div>
`;

exports[`CallToAction renders with class name 1`] = `
<div>
  <div
    class="class-name"
  >
    
    <div
      class="col-md-7"
    >
      <div
        class="action-item row"
      >
        <div
          class="col-md-4 name"
        >
          
          <a
            class="link semibold"
            href="/"
          >
            Action Item 1
          </a>
        </div>
        
      </div>
      <div
        class="action-item row"
      >
        <div
          class="col-md-4 name"
        >
          
          <a
            class="link semibold"
            href="/"
          >
            Action Item 2
          </a>
        </div>
        
      </div>
    </div>
    
  </div>
</div>
`;

exports[`CallToAction renders with disclaimer text 1`] = `
<div>
  <div
    class=""
  >
    
    <div
      class="col-md-7"
    >
      <div
        class="action-item row"
      >
        <div
          class="col-md-4 name"
        >
          
          <a
            class="link semibold"
            href="/"
          >
            Action Item
          </a>
        </div>
        <div
          class="col-md-7 message"
        >
          
          <div
            class="disclaimer small"
          >
            <svg
              class="lexicon-icon lexicon-icon-info-circle"
            >
              <use
                href="#info"
              />
            </svg>
             This is a disclaimer.
          </div>
        </div>
      </div>
    </div>
    
  </div>
</div>
`;

exports[`CallToAction renders with promotions 1`] = `
<div>
  <div
    class=""
  >
    
    <div
      class="col-md-7"
    >
      <div
        class="action-item row"
      >
        <div
          class="col-md-4 name"
        >
          
          <a
            class="link semibold"
            href="/"
          >
            Action Item 1
          </a>
        </div>
        
      </div>
      <div
        class="action-item row"
      >
        <div
          class="col-md-4 name"
        >
          
          <a
            class="link semibold"
            href="/"
          >
            Action Item 2
          </a>
        </div>
        
      </div>
    </div>
    <div
      class="col-md-5"
    >
      <div
        class="product-card"
      >
        <a
          class="autofit-row autofit-row-center"
          href="/"
        >
          
          <div
            class="autofit-col autofit-col-expand"
          >
            <h4
              class="title"
            >
              Promotion Name 1
              <svg
                class="lexicon-icon lexicon-icon-arrow-right"
              >
                <use
                  href="#arrow-right"
                />
              </svg>
            </h4>
            
          </div>
        </a>
      </div>
      <div
        class="product-card"
      >
        <a
          class="autofit-row autofit-row-center"
          href="/"
        >
          
          <div
            class="autofit-col autofit-col-expand"
          >
            <h4
              class="title"
            >
              Promotion Name 2
              <svg
                class="lexicon-icon lexicon-icon-arrow-right"
              >
                <use
                  href="#arrow-right"
                />
              </svg>
            </h4>
            
          </div>
        </a>
      </div>
    </div>
  </div>
</div>
`;

exports[`CallToAction renders with promotions containing description 1`] = `
<div>
  <div
    class=""
  >
    
    <div
      class="col-md-7"
    >
      <div
        class="action-item row"
      >
        <div
          class="col-md-4 name"
        >
          
          <a
            class="link semibold"
            href="/"
          >
            Action Item 1
          </a>
        </div>
        
      </div>
      <div
        class="action-item row"
      >
        <div
          class="col-md-4 name"
        >
          
          <a
            class="link semibold"
            href="/"
          >
            Action Item 2
          </a>
        </div>
        
      </div>
    </div>
    <div
      class="col-md-5"
    >
      <div
        class="product-card"
      >
        <a
          class="autofit-row autofit-row-center"
          href="/"
        >
          
          <div
            class="autofit-col autofit-col-expand"
          >
            <h4
              class="title"
            >
              Promotion Name
              <svg
                class="lexicon-icon lexicon-icon-arrow-right"
              >
                <use
                  href="#arrow-right"
                />
              </svg>
            </h4>
            <p
              class="description"
            >
              Promotion Description
            </p>
          </div>
        </a>
      </div>
    </div>
  </div>
</div>
`;

exports[`CallToAction renders with section heading 1`] = `
<div>
  <div
    class=""
  >
    <h2
      class="col-md-12"
    >
      Section Heading
    </h2>
    <div
      class="col-md-7"
    >
      <div
        class="action-item row"
      >
        <div
          class="col-md-4 name"
        >
          
          <a
            class="link semibold"
            href="/"
          >
            Action Item 1
          </a>
        </div>
        
      </div>
      <div
        class="action-item row"
      >
        <div
          class="col-md-4 name"
        >
          
          <a
            class="link semibold"
            href="/"
          >
            Action Item 2
          </a>
        </div>
        
      </div>
    </div>
    
  </div>
</div>
`;
