// Jest Snapshot v1, https://goo.gl/fbAQLP

exports[`DocSideNav renders correctly 1`] = `
<div>
  <ul
    class="nav nav-nested"
  />
</div>
`;
