// Jest Snapshot v1, https://goo.gl/fbAQLP

exports[`SearchResults renders correctly 1`] = `
<div>
  <div>
    <div
      class="search-filter"
    >
      <label
        class="semi-bold"
        for="productSearchFilter"
      >
        filter
      </label>
      <select
        class="col-md-3 input-small"
        id="productSearchFilter"
      >
        <option
          value="one"
        >
          Option 1
        </option>
        <option
          value="two"
        >
          Option 2
        </option>
      </select>
    </div>
    
    <span
      aria-hidden="true"
      class="loading-animation loading-animation-sm"
    />
  </div>
</div>
`;
