// Jest Snapshot v1, https://goo.gl/fbAQLP

exports[`SearchFilter renders correctly 1`] = `
<div>
  <div
    class="search-filter"
  >
    <label
      class="semi-bold"
      for="productSearchFilter"
    >
      Search Filter
    </label>
    <select
      class="col-md-3 input-small"
      id="productSearchFilter"
    >
      <option
        value="one"
      >
        Option 1
      </option>
      <option
        value="two"
      >
        Option 2
      </option>
    </select>
  </div>
</div>
`;
